INFO:root:Namespace(aggregator='last', batch_size=256, data='ml-1m', drop_out=0.1, dyrep=False, embedding_module='graph_attention', gpu=0, inductive=False, l2_regularization=0.0, lr=0.001, memory_dim=129, memory_update_at_end=False, memory_updater='gru', message_dim=100, message_function='identity', n_epoch=50, n_heads=2, n_layers=1, n_neg=10, n_neighbors=10, n_skip_val=30, n_test_neg=1000, node_dim=128, noise_pruning_ratio=0.0, patience=5, prefix='tgn-attn', randomize_features=False, seed=0, time_dim=128, train_ratio=0.8, uniform=False, use_destination_embedding_in_message=False, use_memory=True, use_source_embedding_in_message=False, valid_ratio=0.1)
INFO:root:Reading dataset ml-1m...
INFO:root:Splitting data into train, val, and test sets with ratios 0.8, 0.1...
INFO:root:The dataset has 575281 interactions, involving 9571 different nodes (6038 unique sources and 3533 unique destinations)
INFO:root:The training dataset has 460226 interactions, involving 8846 different nodes (5378 unique sources and 3468 unique destinations)
INFO:root:The validation dataset has 57527 interactions, involving 3982 different nodes (1088 unique sources and 2894 unique destinations)
INFO:root:The test dataset has 57528 interactions, involving 4252 different nodes (1220 unique sources and 3032 unique destinations)
INFO:root:Using device: cpu
INFO:root:num of training instances: 460226
INFO:root:num of batches per epoch: 1798
INFO:root:Skipping validation for first 30 epochs (warm-up period)
Evaluating:   0%|          | 0/225 [00:00<?, ?batch/s]Evaluating:   0%|          | 0/225 [00:09<?, ?batch/s, MRR=0.1449, R@10=0.3398, R@20=0.4648]Evaluating:   0%|          | 1/225 [00:09<35:25,  9.49s/batch, MRR=0.1449, R@10=0.3398, R@20=0.4648]Evaluating:   0%|          | 1/225 [00:18<35:25,  9.49s/batch, MRR=0.1423, R@10=0.3164, R@20=0.4453]Evaluating:   1%|          | 2/225 [00:18<35:15,  9.49s/batch, MRR=0.1423, R@10=0.3164, R@20=0.4453]Evaluating:   1%|          | 2/225 [00:28<35:15,  9.49s/batch, MRR=0.1511, R@10=0.3594, R@20=0.5104]Evaluating:   1%|▏         | 3/225 [00:28<35:04,  9.48s/batch, MRR=0.1511, R@10=0.3594, R@20=0.5104]Evaluating:   1%|▏         | 3/225 [00:37<35:04,  9.48s/batch, MRR=0.1545, R@10=0.3613, R@20=0.5156]Evaluating:   2%|▏         | 4/225 [00:37<34:53,  9.47s/batch, MRR=0.1545, R@10=0.3613, R@20=0.5156]Evaluating:   2%|▏         | 4/225 [00:47<34:53,  9.47s/batch, MRR=0.1418, R@10=0.3383, R@20=0.4898]Evaluating:   2%|▏         | 5/225 [00:47<34:46,  9.48s/batch, MRR=0.1418, R@10=0.3383, R@20=0.4898]Evaluating:   2%|▏         | 5/225 [00:57<34:46,  9.48s/batch, MRR=0.1400, R@10=0.3333, R@20=0.4837]Evaluating:   3%|▎         | 6/225 [00:57<34:45,  9.52s/batch, MRR=0.1400, R@10=0.3333, R@20=0.4837]Evaluating:   3%|▎         | 6/225 [01:06<34:45,  9.52s/batch, MRR=0.1459, R@10=0.3493, R@20=0.5028]Evaluating:   3%|▎         | 7/225 [01:06<34:45,  9.57s/batch, MRR=0.1459, R@10=0.3493, R@20=0.5028]Evaluating:   3%|▎         | 7/225 [01:16<34:45,  9.57s/batch, MRR=0.1441, R@10=0.3477, R@20=0.4961]Evaluating:   4%|▎         | 8/225 [01:16<34:33,  9.55s/batch, MRR=0.1441, R@10=0.3477, R@20=0.4961]Evaluating:   4%|▎         | 8/225 [01:25<34:33,  9.55s/batch, MRR=0.1462, R@10=0.3464, R@20=0.4952]Evaluating:   4%|▍         | 9/225 [01:25<34:27,  9.57s/batch, MRR=0.1462, R@10=0.3464, R@20=0.4952]Evaluating:   4%|▍         | 9/225 [01:35<34:27,  9.57s/batch, MRR=0.1455, R@10=0.3422, R@20=0.4898]Evaluating:   4%|▍         | 10/225 [01:35<34:11,  9.54s/batch, MRR=0.1455, R@10=0.3422, R@20=0.4898]Evaluating:   4%|▍         | 10/225 [01:44<34:11,  9.54s/batch, MRR=0.1406, R@10=0.3306, R@20=0.4716]Evaluating:   5%|▍         | 11/225 [01:44<33:59,  9.53s/batch, MRR=0.1406, R@10=0.3306, R@20=0.4716]Evaluating:   5%|▍         | 11/225 [01:54<33:59,  9.53s/batch, MRR=0.1427, R@10=0.3350, R@20=0.4782]Evaluating:   5%|▌         | 12/225 [01:54<34:00,  9.58s/batch, MRR=0.1427, R@10=0.3350, R@20=0.4782]Evaluating:   5%|▌         | 12/225 [02:03<34:00,  9.58s/batch, MRR=0.1412, R@10=0.3314, R@20=0.4715]Evaluating:   6%|▌         | 13/225 [02:03<33:44,  9.55s/batch, MRR=0.1412, R@10=0.3314, R@20=0.4715]Evaluating:   6%|▌         | 13/225 [02:13<33:44,  9.55s/batch, MRR=0.1423, R@10=0.3334, R@20=0.4771]Evaluating:   6%|▌         | 14/225 [02:13<33:30,  9.53s/batch, MRR=0.1423, R@10=0.3334, R@20=0.4771]Evaluating:   6%|▌         | 14/225 [02:22<33:30,  9.53s/batch, MRR=0.1424, R@10=0.3383, R@20=0.4836]Evaluating:   7%|▋         | 15/225 [02:22<33:18,  9.51s/batch, MRR=0.1424, R@10=0.3383, R@20=0.4836]Evaluating:   7%|▋         | 15/225 [02:32<33:18,  9.51s/batch, MRR=0.1411, R@10=0.3335, R@20=0.4792]Evaluating:   7%|▋         | 16/225 [02:32<33:07,  9.51s/batch, MRR=0.1411, R@10=0.3335, R@20=0.4792]Evaluating:   7%|▋         | 16/225 [02:41<33:07,  9.51s/batch, MRR=0.1435, R@10=0.3405, R@20=0.4846]Evaluating:   8%|▊         | 17/225 [02:41<32:57,  9.51s/batch, MRR=0.1435, R@10=0.3405, R@20=0.4846]Evaluating:   8%|▊         | 17/225 [02:51<32:57,  9.51s/batch, MRR=0.1421, R@10=0.3368, R@20=0.4813]Evaluating:   8%|▊         | 18/225 [02:51<32:50,  9.52s/batch, MRR=0.1421, R@10=0.3368, R@20=0.4813]Evaluating:   8%|▊         | 18/225 [03:00<32:50,  9.52s/batch, MRR=0.1389, R@10=0.3308, R@20=0.4733]Evaluating:   8%|▊         | 19/225 [03:00<32:38,  9.51s/batch, MRR=0.1389, R@10=0.3308, R@20=0.4733]Evaluating:   8%|▊         | 19/225 [03:10<32:38,  9.51s/batch, MRR=0.1396, R@10=0.3299, R@20=0.4736]Evaluating:   9%|▉         | 20/225 [03:10<32:24,  9.48s/batch, MRR=0.1396, R@10=0.3299, R@20=0.4736]Evaluating:   9%|▉         | 20/225 [03:19<32:24,  9.48s/batch, MRR=0.1399, R@10=0.3289, R@20=0.4723]Evaluating:   9%|▉         | 21/225 [03:19<32:14,  9.48s/batch, MRR=0.1399, R@10=0.3289, R@20=0.4723]Evaluating:   9%|▉         | 21/225 [03:29<32:14,  9.48s/batch, MRR=0.1384, R@10=0.3249, R@20=0.4648]Evaluating:  10%|▉         | 22/225 [03:29<32:03,  9.48s/batch, MRR=0.1384, R@10=0.3249, R@20=0.4648]Evaluating:  10%|▉         | 22/225 [03:38<32:03,  9.48s/batch, MRR=0.1389, R@10=0.3256, R@20=0.4662]Evaluating:  10%|█         | 23/225 [03:38<31:54,  9.48s/batch, MRR=0.1389, R@10=0.3256, R@20=0.4662]Evaluating:  10%|█         | 23/225 [03:48<31:54,  9.48s/batch, MRR=0.1385, R@10=0.3242, R@20=0.4661]Evaluating:  11%|█         | 24/225 [03:48<31:46,  9.49s/batch, MRR=0.1385, R@10=0.3242, R@20=0.4661]Evaluating:  11%|█         | 24/225 [03:57<31:46,  9.49s/batch, MRR=0.1359, R@10=0.3180, R@20=0.4581]Evaluating:  11%|█         | 25/225 [03:57<31:37,  9.49s/batch, MRR=0.1359, R@10=0.3180, R@20=0.4581]Evaluating:  11%|█         | 25/225 [04:07<31:37,  9.49s/batch, MRR=0.1355, R@10=0.3166, R@20=0.4572]Evaluating:  12%|█▏        | 26/225 [04:07<31:26,  9.48s/batch, MRR=0.1355, R@10=0.3166, R@20=0.4572]Evaluating:  12%|█▏        | 26/225 [04:16<31:26,  9.48s/batch, MRR=0.1356, R@10=0.3158, R@20=0.4560]Evaluating:  12%|█▏        | 27/225 [04:16<31:17,  9.48s/batch, MRR=0.1356, R@10=0.3158, R@20=0.4560]Evaluating:  12%|█▏        | 27/225 [04:26<31:17,  9.48s/batch, MRR=0.1346, R@10=0.3136, R@20=0.4535]Evaluating:  12%|█▏        | 28/225 [04:26<31:09,  9.49s/batch, MRR=0.1346, R@10=0.3136, R@20=0.4535]Evaluating:  12%|█▏        | 28/225 [04:35<31:09,  9.49s/batch, MRR=0.1341, R@10=0.3120, R@20=0.4530]Evaluating:  13%|█▎        | 29/225 [04:35<31:00,  9.49s/batch, MRR=0.1341, R@10=0.3120, R@20=0.4530]Evaluating:  13%|█▎        | 29/225 [04:45<31:00,  9.49s/batch, MRR=0.1335, R@10=0.3094, R@20=0.4521]Evaluating:  13%|█▎        | 30/225 [04:45<30:51,  9.49s/batch, MRR=0.1335, R@10=0.3094, R@20=0.4521]Evaluating:  13%|█▎        | 30/225 [04:54<30:51,  9.49s/batch, MRR=0.1325, R@10=0.3062, R@20=0.4486]Evaluating:  14%|█▍        | 31/225 [04:54<30:41,  9.49s/batch, MRR=0.1325, R@10=0.3062, R@20=0.4486]Evaluating:  14%|█▍        | 31/225 [05:04<30:41,  9.49s/batch, MRR=0.1315, R@10=0.3042, R@20=0.4456]Evaluating:  14%|█▍        | 32/225 [05:04<30:30,  9.49s/batch, MRR=0.1315, R@10=0.3042, R@20=0.4456]Evaluating:  14%|█▍        | 32/225 [05:13<30:30,  9.49s/batch, MRR=0.1316, R@10=0.3037, R@20=0.4457]Evaluating:  15%|█▍        | 33/225 [05:13<30:20,  9.48s/batch, MRR=0.1316, R@10=0.3037, R@20=0.4457]Evaluating:  15%|█▍        | 33/225 [05:23<30:20,  9.48s/batch, MRR=0.1306, R@10=0.3014, R@20=0.4443]Evaluating:  15%|█▌        | 34/225 [05:23<30:12,  9.49s/batch, MRR=0.1306, R@10=0.3014, R@20=0.4443]Evaluating:  15%|█▌        | 34/225 [05:32<30:12,  9.49s/batch, MRR=0.1293, R@10=0.2989, R@20=0.4415]Evaluating:  16%|█▌        | 35/225 [05:32<30:03,  9.49s/batch, MRR=0.1293, R@10=0.2989, R@20=0.4415]Evaluating:  16%|█▌        | 35/225 [05:42<30:03,  9.49s/batch, MRR=0.1287, R@10=0.2973, R@20=0.4408]Evaluating:  16%|█▌        | 36/225 [05:42<29:54,  9.50s/batch, MRR=0.1287, R@10=0.2973, R@20=0.4408]Evaluating:  16%|█▌        | 36/225 [05:51<29:54,  9.50s/batch, MRR=0.1276, R@10=0.2956, R@20=0.4391]Evaluating:  16%|█▋        | 37/225 [05:51<29:48,  9.52s/batch, MRR=0.1276, R@10=0.2956, R@20=0.4391]Evaluating:  16%|█▋        | 37/225 [06:01<29:48,  9.52s/batch, MRR=0.1277, R@10=0.2957, R@20=0.4385]Evaluating:  17%|█▋        | 38/225 [06:01<29:38,  9.51s/batch, MRR=0.1277, R@10=0.2957, R@20=0.4385]Evaluating:  17%|█▋        | 38/225 [06:10<29:38,  9.51s/batch, MRR=0.1280, R@10=0.2960, R@20=0.4393]Evaluating:  17%|█▋        | 39/225 [06:10<29:32,  9.53s/batch, MRR=0.1280, R@10=0.2960, R@20=0.4393]Evaluating:  17%|█▋        | 39/225 [06:20<29:32,  9.53s/batch, MRR=0.1270, R@10=0.2954, R@20=0.4379]Evaluating:  18%|█▊        | 40/225 [06:20<29:19,  9.51s/batch, MRR=0.1270, R@10=0.2954, R@20=0.4379]Evaluating:  18%|█▊        | 40/225 [06:29<29:19,  9.51s/batch, MRR=0.1263, R@10=0.2928, R@20=0.4338]Evaluating:  18%|█▊        | 41/225 [06:29<29:08,  9.51s/batch, MRR=0.1263, R@10=0.2928, R@20=0.4338]Evaluating:  18%|█▊        | 41/225 [06:39<29:08,  9.51s/batch, MRR=0.1266, R@10=0.2926, R@20=0.4337]Evaluating:  19%|█▊        | 42/225 [06:39<28:58,  9.50s/batch, MRR=0.1266, R@10=0.2926, R@20=0.4337]Evaluating:  19%|█▊        | 42/225 [06:48<28:58,  9.50s/batch, MRR=0.1265, R@10=0.2922, R@20=0.4326]Evaluating:  19%|█▉        | 43/225 [06:48<28:48,  9.50s/batch, MRR=0.1265, R@10=0.2922, R@20=0.4326]Evaluating:  19%|█▉        | 43/225 [06:58<28:48,  9.50s/batch, MRR=0.1256, R@10=0.2906, R@20=0.4296]Evaluating:  20%|█▉        | 44/225 [06:58<28:37,  9.49s/batch, MRR=0.1256, R@10=0.2906, R@20=0.4296]Evaluating:  20%|█▉        | 44/225 [07:07<28:37,  9.49s/batch, MRR=0.1247, R@10=0.2885, R@20=0.4270]Evaluating:  20%|██        | 45/225 [07:07<28:27,  9.48s/batch, MRR=0.1247, R@10=0.2885, R@20=0.4270]Evaluating:  20%|██        | 45/225 [07:17<28:27,  9.48s/batch, MRR=0.1247, R@10=0.2878, R@20=0.4258]Evaluating:  20%|██        | 46/225 [07:17<28:18,  9.49s/batch, MRR=0.1247, R@10=0.2878, R@20=0.4258]Evaluating:  20%|██        | 46/225 [07:26<28:18,  9.49s/batch, MRR=0.1243, R@10=0.2868, R@20=0.4244]Evaluating:  21%|██        | 47/225 [07:26<28:07,  9.48s/batch, MRR=0.1243, R@10=0.2868, R@20=0.4244]Evaluating:  21%|██        | 47/225 [07:36<28:07,  9.48s/batch, MRR=0.1241, R@10=0.2862, R@20=0.4238]Evaluating:  21%|██▏       | 48/225 [07:36<27:59,  9.49s/batch, MRR=0.1241, R@10=0.2862, R@20=0.4238]Evaluating:  21%|██▏       | 48/225 [07:45<27:59,  9.49s/batch, MRR=0.1254, R@10=0.2878, R@20=0.4263]Evaluating:  22%|██▏       | 49/225 [07:45<27:55,  9.52s/batch, MRR=0.1254, R@10=0.2878, R@20=0.4263]Evaluating:  22%|██▏       | 49/225 [07:55<27:55,  9.52s/batch, MRR=0.1248, R@10=0.2860, R@20=0.4238]Evaluating:  22%|██▏       | 50/225 [07:55<27:43,  9.51s/batch, MRR=0.1248, R@10=0.2860, R@20=0.4238]Evaluating:  22%|██▏       | 50/225 [08:04<27:43,  9.51s/batch, MRR=0.1241, R@10=0.2845, R@20=0.4233]Evaluating:  23%|██▎       | 51/225 [08:04<27:32,  9.50s/batch, MRR=0.1241, R@10=0.2845, R@20=0.4233]Evaluating:  23%|██▎       | 51/225 [08:14<27:32,  9.50s/batch, MRR=0.1239, R@10=0.2849, R@20=0.4244]Evaluating:  23%|██▎       | 52/225 [08:14<27:22,  9.49s/batch, MRR=0.1239, R@10=0.2849, R@20=0.4244]Evaluating:  23%|██▎       | 52/225 [08:23<27:22,  9.49s/batch, MRR=0.1236, R@10=0.2840, R@20=0.4236]Evaluating:  24%|██▎       | 53/225 [08:23<27:12,  9.49s/batch, MRR=0.1236, R@10=0.2840, R@20=0.4236]Evaluating:  24%|██▎       | 53/225 [08:33<27:12,  9.49s/batch, MRR=0.1242, R@10=0.2849, R@20=0.4246]Evaluating:  24%|██▍       | 54/225 [08:33<27:00,  9.48s/batch, MRR=0.1242, R@10=0.2849, R@20=0.4246]Evaluating:  24%|██▍       | 54/225 [08:42<27:00,  9.48s/batch, MRR=0.1238, R@10=0.2842, R@20=0.4244]Evaluating:  24%|██▍       | 55/225 [08:42<26:51,  9.48s/batch, MRR=0.1238, R@10=0.2842, R@20=0.4244]Evaluating:  24%|██▍       | 55/225 [08:52<26:51,  9.48s/batch, MRR=0.1238, R@10=0.2836, R@20=0.4233]Evaluating:  25%|██▍       | 56/225 [08:52<26:44,  9.49s/batch, MRR=0.1238, R@10=0.2836, R@20=0.4233]Evaluating:  25%|██▍       | 56/225 [09:01<26:44,  9.49s/batch, MRR=0.1233, R@10=0.2825, R@20=0.4217]Evaluating:  25%|██▌       | 57/225 [09:01<26:34,  9.49s/batch, MRR=0.1233, R@10=0.2825, R@20=0.4217]Evaluating:  25%|██▌       | 57/225 [09:11<26:34,  9.49s/batch, MRR=0.1231, R@10=0.2825, R@20=0.4211]Evaluating:  26%|██▌       | 58/225 [09:11<26:24,  9.49s/batch, MRR=0.1231, R@10=0.2825, R@20=0.4211]Evaluating:  26%|██▌       | 58/225 [09:20<26:24,  9.49s/batch, MRR=0.1235, R@10=0.2826, R@20=0.4215]Evaluating:  26%|██▌       | 59/225 [09:20<26:14,  9.49s/batch, MRR=0.1235, R@10=0.2826, R@20=0.4215]Evaluating:  26%|██▌       | 59/225 [09:30<26:14,  9.49s/batch, MRR=0.1233, R@10=0.2831, R@20=0.4217]Evaluating:  27%|██▋       | 60/225 [09:30<26:03,  9.48s/batch, MRR=0.1233, R@10=0.2831, R@20=0.4217]Evaluating:  27%|██▋       | 60/225 [09:39<26:03,  9.48s/batch, MRR=0.1232, R@10=0.2827, R@20=0.4213]Evaluating:  27%|██▋       | 61/225 [09:39<25:54,  9.48s/batch, MRR=0.1232, R@10=0.2827, R@20=0.4213]Evaluating:  27%|██▋       | 61/225 [09:49<25:54,  9.48s/batch, MRR=0.1229, R@10=0.2820, R@20=0.4200]Evaluating:  28%|██▊       | 62/225 [09:49<25:48,  9.50s/batch, MRR=0.1229, R@10=0.2820, R@20=0.4200]Evaluating:  28%|██▊       | 62/225 [09:58<25:48,  9.50s/batch, MRR=0.1235, R@10=0.2837, R@20=0.4223]Evaluating:  28%|██▊       | 63/225 [09:58<25:39,  9.50s/batch, MRR=0.1235, R@10=0.2837, R@20=0.4223]Evaluating:  28%|██▊       | 63/225 [10:08<25:39,  9.50s/batch, MRR=0.1231, R@10=0.2823, R@20=0.4211]Evaluating:  28%|██▊       | 64/225 [10:08<25:28,  9.50s/batch, MRR=0.1231, R@10=0.2823, R@20=0.4211]Evaluating:  28%|██▊       | 64/225 [10:17<25:28,  9.50s/batch, MRR=0.1224, R@10=0.2815, R@20=0.4199]Evaluating:  29%|██▉       | 65/225 [10:17<25:18,  9.49s/batch, MRR=0.1224, R@10=0.2815, R@20=0.4199]Evaluating:  29%|██▉       | 65/225 [10:27<25:18,  9.49s/batch, MRR=0.1217, R@10=0.2801, R@20=0.4180]Evaluating:  29%|██▉       | 66/225 [10:27<25:08,  9.49s/batch, MRR=0.1217, R@10=0.2801, R@20=0.4180]Evaluating:  29%|██▉       | 66/225 [10:36<25:08,  9.49s/batch, MRR=0.1212, R@10=0.2787, R@20=0.4159]Evaluating:  30%|██▉       | 67/225 [10:36<24:59,  9.49s/batch, MRR=0.1212, R@10=0.2787, R@20=0.4159]Evaluating:  30%|██▉       | 67/225 [10:46<24:59,  9.49s/batch, MRR=0.1209, R@10=0.2778, R@20=0.4145]Evaluating:  30%|███       | 68/225 [10:46<24:51,  9.50s/batch, MRR=0.1209, R@10=0.2778, R@20=0.4145]Evaluating:  30%|███       | 68/225 [10:55<24:51,  9.50s/batch, MRR=0.1214, R@10=0.2789, R@20=0.4159]Evaluating:  31%|███       | 69/225 [10:55<24:41,  9.50s/batch, MRR=0.1214, R@10=0.2789, R@20=0.4159]Evaluating:  31%|███       | 69/225 [11:04<24:41,  9.50s/batch, MRR=0.1211, R@10=0.2780, R@20=0.4148]Evaluating:  31%|███       | 70/225 [11:04<24:30,  9.48s/batch, MRR=0.1211, R@10=0.2780, R@20=0.4148]Evaluating:  31%|███       | 70/225 [11:14<24:30,  9.48s/batch, MRR=0.1210, R@10=0.2779, R@20=0.4147]Evaluating:  32%|███▏      | 71/225 [11:14<24:20,  9.49s/batch, MRR=0.1210, R@10=0.2779, R@20=0.4147]Evaluating:  32%|███▏      | 71/225 [11:23<24:20,  9.49s/batch, MRR=0.1206, R@10=0.2776, R@20=0.4145]Evaluating:  32%|███▏      | 72/225 [11:23<24:11,  9.49s/batch, MRR=0.1206, R@10=0.2776, R@20=0.4145]Evaluating:  32%|███▏      | 72/225 [11:33<24:11,  9.49s/batch, MRR=0.1205, R@10=0.2770, R@20=0.4137]Evaluating:  32%|███▏      | 73/225 [11:33<24:02,  9.49s/batch, MRR=0.1205, R@10=0.2770, R@20=0.4137]Evaluating:  32%|███▏      | 73/225 [11:43<24:02,  9.49s/batch, MRR=0.1204, R@10=0.2763, R@20=0.4129]Evaluating:  33%|███▎      | 74/225 [11:43<23:55,  9.51s/batch, MRR=0.1204, R@10=0.2763, R@20=0.4129]Evaluating:  33%|███▎      | 74/225 [11:52<23:55,  9.51s/batch, MRR=0.1211, R@10=0.2779, R@20=0.4144]Evaluating:  33%|███▎      | 75/225 [11:52<23:54,  9.56s/batch, MRR=0.1211, R@10=0.2779, R@20=0.4144]Evaluating:  33%|███▎      | 75/225 [12:02<23:54,  9.56s/batch, MRR=0.1217, R@10=0.2788, R@20=0.4159]Evaluating:  34%|███▍      | 76/225 [12:02<23:40,  9.54s/batch, MRR=0.1217, R@10=0.2788, R@20=0.4159]Evaluating:  34%|███▍      | 76/225 [12:11<23:40,  9.54s/batch, MRR=0.1208, R@10=0.2770, R@20=0.4137]Evaluating:  34%|███▍      | 77/225 [12:11<23:29,  9.52s/batch, MRR=0.1208, R@10=0.2770, R@20=0.4137]Evaluating:  34%|███▍      | 77/225 [12:21<23:29,  9.52s/batch, MRR=0.1210, R@10=0.2774, R@20=0.4145]Evaluating:  35%|███▍      | 78/225 [12:21<23:17,  9.51s/batch, MRR=0.1210, R@10=0.2774, R@20=0.4145]Evaluating:  35%|███▍      | 78/225 [12:30<23:17,  9.51s/batch, MRR=0.1210, R@10=0.2774, R@20=0.4143]Evaluating:  35%|███▌      | 79/225 [12:30<23:07,  9.50s/batch, MRR=0.1210, R@10=0.2774, R@20=0.4143]Evaluating:  35%|███▌      | 79/225 [12:40<23:07,  9.50s/batch, MRR=0.1213, R@10=0.2784, R@20=0.4150]Evaluating:  36%|███▌      | 80/225 [12:40<23:01,  9.53s/batch, MRR=0.1213, R@10=0.2784, R@20=0.4150]Evaluating:  36%|███▌      | 80/225 [12:49<23:01,  9.53s/batch, MRR=0.1204, R@10=0.2767, R@20=0.4126]Evaluating:  36%|███▌      | 81/225 [12:49<22:51,  9.53s/batch, MRR=0.1204, R@10=0.2767, R@20=0.4126]Evaluating:  36%|███▌      | 81/225 [12:59<22:51,  9.53s/batch, MRR=0.1198, R@10=0.2752, R@20=0.4104]Evaluating:  36%|███▋      | 82/225 [12:59<22:41,  9.52s/batch, MRR=0.1198, R@10=0.2752, R@20=0.4104]Evaluating:  36%|███▋      | 82/225 [13:08<22:41,  9.52s/batch, MRR=0.1193, R@10=0.2741, R@20=0.4087]Evaluating:  37%|███▋      | 83/225 [13:08<22:32,  9.52s/batch, MRR=0.1193, R@10=0.2741, R@20=0.4087]Evaluating:  37%|███▋      | 83/225 [13:18<22:32,  9.52s/batch, MRR=0.1191, R@10=0.2736, R@20=0.4076]Evaluating:  37%|███▋      | 84/225 [13:18<22:21,  9.52s/batch, MRR=0.1191, R@10=0.2736, R@20=0.4076]Evaluating:  37%|███▋      | 84/225 [13:27<22:21,  9.52s/batch, MRR=0.1194, R@10=0.2741, R@20=0.4082]Evaluating:  38%|███▊      | 85/225 [13:27<22:10,  9.51s/batch, MRR=0.1194, R@10=0.2741, R@20=0.4082]Evaluating:  38%|███▊      | 85/225 [13:37<22:10,  9.51s/batch, MRR=0.1191, R@10=0.2731, R@20=0.4067]Evaluating:  38%|███▊      | 86/225 [13:37<22:01,  9.51s/batch, MRR=0.1191, R@10=0.2731, R@20=0.4067]Evaluating:  38%|███▊      | 86/225 [13:46<22:01,  9.51s/batch, MRR=0.1186, R@10=0.2720, R@20=0.4055]Evaluating:  39%|███▊      | 87/225 [13:46<21:52,  9.51s/batch, MRR=0.1186, R@10=0.2720, R@20=0.4055]Evaluating:  39%|███▊      | 87/225 [13:56<21:52,  9.51s/batch, MRR=0.1183, R@10=0.2713, R@20=0.4050]Evaluating:  39%|███▉      | 88/225 [13:56<21:44,  9.52s/batch, MRR=0.1183, R@10=0.2713, R@20=0.4050]Evaluating:  39%|███▉      | 88/225 [14:05<21:44,  9.52s/batch, MRR=0.1182, R@10=0.2709, R@20=0.4049]Evaluating:  40%|███▉      | 89/225 [14:05<21:34,  9.52s/batch, MRR=0.1182, R@10=0.2709, R@20=0.4049]Evaluating:  40%|███▉      | 89/225 [14:15<21:34,  9.52s/batch, MRR=0.1179, R@10=0.2703, R@20=0.4042]Evaluating:  40%|████      | 90/225 [14:15<21:24,  9.51s/batch, MRR=0.1179, R@10=0.2703, R@20=0.4042]Evaluating:  40%|████      | 90/225 [14:24<21:24,  9.51s/batch, MRR=0.1176, R@10=0.2696, R@20=0.4032]Evaluating:  40%|████      | 91/225 [14:24<21:14,  9.51s/batch, MRR=0.1176, R@10=0.2696, R@20=0.4032]Evaluating:  40%|████      | 91/225 [14:34<21:14,  9.51s/batch, MRR=0.1177, R@10=0.2699, R@20=0.4030]Evaluating:  41%|████      | 92/225 [14:34<21:04,  9.51s/batch, MRR=0.1177, R@10=0.2699, R@20=0.4030]Evaluating:  41%|████      | 92/225 [14:43<21:04,  9.51s/batch, MRR=0.1175, R@10=0.2694, R@20=0.4028]Evaluating:  41%|████▏     | 93/225 [14:43<20:57,  9.53s/batch, MRR=0.1175, R@10=0.2694, R@20=0.4028]Evaluating:  41%|████▏     | 93/225 [14:53<20:57,  9.53s/batch, MRR=0.1174, R@10=0.2691, R@20=0.4023]Evaluating:  42%|████▏     | 94/225 [14:53<20:53,  9.57s/batch, MRR=0.1174, R@10=0.2691, R@20=0.4023]Evaluating:  42%|████▏     | 94/225 [15:03<20:53,  9.57s/batch, MRR=0.1175, R@10=0.2690, R@20=0.4023]Evaluating:  42%|████▏     | 95/225 [15:03<20:40,  9.54s/batch, MRR=0.1175, R@10=0.2690, R@20=0.4023]Evaluating:  42%|████▏     | 95/225 [15:12<20:40,  9.54s/batch, MRR=0.1176, R@10=0.2690, R@20=0.4019]Evaluating:  43%|████▎     | 96/225 [15:12<20:29,  9.53s/batch, MRR=0.1176, R@10=0.2690, R@20=0.4019]Evaluating:  43%|████▎     | 96/225 [15:22<20:29,  9.53s/batch, MRR=0.1177, R@10=0.2686, R@20=0.4019]Evaluating:  43%|████▎     | 97/225 [15:22<20:17,  9.51s/batch, MRR=0.1177, R@10=0.2686, R@20=0.4019]Evaluating:  43%|████▎     | 97/225 [15:31<20:17,  9.51s/batch, MRR=0.1177, R@10=0.2686, R@20=0.4017]Evaluating:  44%|████▎     | 98/225 [15:31<20:07,  9.50s/batch, MRR=0.1177, R@10=0.2686, R@20=0.4017]Evaluating:  44%|████▎     | 98/225 [15:41<20:07,  9.50s/batch, MRR=0.1178, R@10=0.2687, R@20=0.4018]Evaluating:  44%|████▍     | 99/225 [15:41<20:03,  9.55s/batch, MRR=0.1178, R@10=0.2687, R@20=0.4018]Evaluating:  44%|████▍     | 99/225 [15:50<20:03,  9.55s/batch, MRR=0.1179, R@10=0.2695, R@20=0.4028]Evaluating:  44%|████▍     | 100/225 [15:50<19:54,  9.55s/batch, MRR=0.1179, R@10=0.2695, R@20=0.4028]Evaluating:  44%|████▍     | 100/225 [16:00<19:54,  9.55s/batch, MRR=0.1179, R@10=0.2695, R@20=0.4030]Evaluating:  45%|████▍     | 101/225 [16:00<19:41,  9.53s/batch, MRR=0.1179, R@10=0.2695, R@20=0.4030]Evaluating:  45%|████▍     | 101/225 [16:09<19:41,  9.53s/batch, MRR=0.1176, R@10=0.2688, R@20=0.4020]Evaluating:  45%|████▌     | 102/225 [16:09<19:31,  9.52s/batch, MRR=0.1176, R@10=0.2688, R@20=0.4020]Evaluating:  45%|████▌     | 102/225 [16:19<19:31,  9.52s/batch, MRR=0.1176, R@10=0.2686, R@20=0.4018]Evaluating:  46%|████▌     | 103/225 [16:19<19:20,  9.52s/batch, MRR=0.1176, R@10=0.2686, R@20=0.4018]Evaluating:  46%|████▌     | 103/225 [16:28<19:20,  9.52s/batch, MRR=0.1171, R@10=0.2675, R@20=0.4002]Evaluating:  46%|████▌     | 104/225 [16:28<19:09,  9.50s/batch, MRR=0.1171, R@10=0.2675, R@20=0.4002]Evaluating:  46%|████▌     | 104/225 [16:38<19:09,  9.50s/batch, MRR=0.1170, R@10=0.2674, R@20=0.3998]Evaluating:  47%|████▋     | 105/225 [16:38<19:01,  9.51s/batch, MRR=0.1170, R@10=0.2674, R@20=0.3998]Evaluating:  47%|████▋     | 105/225 [16:47<19:01,  9.51s/batch, MRR=0.1168, R@10=0.2667, R@20=0.3989]Evaluating:  47%|████▋     | 106/225 [16:47<18:52,  9.52s/batch, MRR=0.1168, R@10=0.2667, R@20=0.3989]Evaluating:  47%|████▋     | 106/225 [16:57<18:52,  9.52s/batch, MRR=0.1167, R@10=0.2663, R@20=0.3986]Evaluating:  48%|████▊     | 107/225 [16:57<18:42,  9.51s/batch, MRR=0.1167, R@10=0.2663, R@20=0.3986]Evaluating:  48%|████▊     | 107/225 [17:06<18:42,  9.51s/batch, MRR=0.1167, R@10=0.2662, R@20=0.3984]Evaluating:  48%|████▊     | 108/225 [17:06<18:31,  9.50s/batch, MRR=0.1167, R@10=0.2662, R@20=0.3984]Evaluating:  48%|████▊     | 108/225 [17:16<18:31,  9.50s/batch, MRR=0.1163, R@10=0.2653, R@20=0.3971]Evaluating:  48%|████▊     | 109/225 [17:16<18:22,  9.50s/batch, MRR=0.1163, R@10=0.2653, R@20=0.3971]Evaluating:  48%|████▊     | 109/225 [17:25<18:22,  9.50s/batch, MRR=0.1163, R@10=0.2654, R@20=0.3966]Evaluating:  49%|████▉     | 110/225 [17:25<18:11,  9.49s/batch, MRR=0.1163, R@10=0.2654, R@20=0.3966]Evaluating:  49%|████▉     | 110/225 [17:35<18:11,  9.49s/batch, MRR=0.1164, R@10=0.2652, R@20=0.3967]Evaluating:  49%|████▉     | 111/225 [17:35<18:02,  9.49s/batch, MRR=0.1164, R@10=0.2652, R@20=0.3967]Evaluating:  49%|████▉     | 111/225 [17:44<18:02,  9.49s/batch, MRR=0.1160, R@10=0.2643, R@20=0.3955]Evaluating:  50%|████▉     | 112/225 [17:44<17:52,  9.49s/batch, MRR=0.1160, R@10=0.2643, R@20=0.3955]Evaluating:  50%|████▉     | 112/225 [17:54<17:52,  9.49s/batch, MRR=0.1160, R@10=0.2643, R@20=0.3956]Evaluating:  50%|█████     | 113/225 [17:54<17:49,  9.55s/batch, MRR=0.1160, R@10=0.2643, R@20=0.3956]Evaluating:  50%|█████     | 113/225 [18:03<17:49,  9.55s/batch, MRR=0.1160, R@10=0.2638, R@20=0.3948]Evaluating:  51%|█████     | 114/225 [18:03<17:37,  9.53s/batch, MRR=0.1160, R@10=0.2638, R@20=0.3948]Evaluating:  51%|█████     | 114/225 [18:13<17:37,  9.53s/batch, MRR=0.1162, R@10=0.2644, R@20=0.3952]Evaluating:  51%|█████     | 115/225 [18:13<17:27,  9.52s/batch, MRR=0.1162, R@10=0.2644, R@20=0.3952]Evaluating:  51%|█████     | 115/225 [18:22<17:27,  9.52s/batch, MRR=0.1160, R@10=0.2640, R@20=0.3949]Evaluating:  52%|█████▏    | 116/225 [18:22<17:16,  9.51s/batch, MRR=0.1160, R@10=0.2640, R@20=0.3949]Evaluating:  52%|█████▏    | 116/225 [18:32<17:16,  9.51s/batch, MRR=0.1158, R@10=0.2637, R@20=0.3946]Evaluating:  52%|█████▏    | 117/225 [18:32<17:06,  9.51s/batch, MRR=0.1158, R@10=0.2637, R@20=0.3946]Evaluating:  52%|█████▏    | 117/225 [18:41<17:06,  9.51s/batch, MRR=0.1159, R@10=0.2637, R@20=0.3948]Evaluating:  52%|█████▏    | 118/225 [18:41<16:57,  9.51s/batch, MRR=0.1159, R@10=0.2637, R@20=0.3948]Evaluating:  52%|█████▏    | 118/225 [18:51<16:57,  9.51s/batch, MRR=0.1160, R@10=0.2639, R@20=0.3949]Evaluating:  53%|█████▎    | 119/225 [18:51<16:48,  9.51s/batch, MRR=0.1160, R@10=0.2639, R@20=0.3949]Evaluating:  53%|█████▎    | 119/225 [19:00<16:48,  9.51s/batch, MRR=0.1157, R@10=0.2633, R@20=0.3942]Evaluating:  53%|█████▎    | 120/225 [19:00<16:38,  9.51s/batch, MRR=0.1157, R@10=0.2633, R@20=0.3942]Evaluating:  53%|█████▎    | 120/225 [19:10<16:38,  9.51s/batch, MRR=0.1156, R@10=0.2630, R@20=0.3940]Evaluating:  54%|█████▍    | 121/225 [19:10<16:28,  9.50s/batch, MRR=0.1156, R@10=0.2630, R@20=0.3940]Evaluating:  54%|█████▍    | 121/225 [19:19<16:28,  9.50s/batch, MRR=0.1156, R@10=0.2632, R@20=0.3943]Evaluating:  54%|█████▍    | 122/225 [19:19<16:19,  9.51s/batch, MRR=0.1156, R@10=0.2632, R@20=0.3943]Evaluating:  54%|█████▍    | 122/225 [19:29<16:19,  9.51s/batch, MRR=0.1155, R@10=0.2630, R@20=0.3938]Evaluating:  55%|█████▍    | 123/225 [19:29<16:10,  9.51s/batch, MRR=0.1155, R@10=0.2630, R@20=0.3938]Evaluating:  55%|█████▍    | 123/225 [19:38<16:10,  9.51s/batch, MRR=0.1153, R@10=0.2626, R@20=0.3931]Evaluating:  55%|█████▌    | 124/225 [19:38<16:03,  9.54s/batch, MRR=0.1153, R@10=0.2626, R@20=0.3931]Evaluating:  55%|█████▌    | 124/225 [19:48<16:03,  9.54s/batch, MRR=0.1153, R@10=0.2625, R@20=0.3932]Evaluating:  56%|█████▌    | 125/225 [19:48<15:54,  9.54s/batch, MRR=0.1153, R@10=0.2625, R@20=0.3932]Evaluating:  56%|█████▌    | 125/225 [19:58<15:54,  9.54s/batch, MRR=0.1150, R@10=0.2617, R@20=0.3922]Evaluating:  56%|█████▌    | 126/225 [19:58<15:44,  9.54s/batch, MRR=0.1150, R@10=0.2617, R@20=0.3922]Evaluating:  56%|█████▌    | 126/225 [20:07<15:44,  9.54s/batch, MRR=0.1150, R@10=0.2617, R@20=0.3920]Evaluating:  56%|█████▋    | 127/225 [20:07<15:33,  9.53s/batch, MRR=0.1150, R@10=0.2617, R@20=0.3920]Evaluating:  56%|█████▋    | 127/225 [20:17<15:33,  9.53s/batch, MRR=0.1149, R@10=0.2615, R@20=0.3918]Evaluating:  57%|█████▋    | 128/225 [20:17<15:23,  9.52s/batch, MRR=0.1149, R@10=0.2615, R@20=0.3918]Evaluating:  57%|█████▋    | 128/225 [20:26<15:23,  9.52s/batch, MRR=0.1150, R@10=0.2617, R@20=0.3916]Evaluating:  57%|█████▋    | 129/225 [20:26<15:13,  9.52s/batch, MRR=0.1150, R@10=0.2617, R@20=0.3916]Evaluating:  57%|█████▋    | 129/225 [20:36<15:13,  9.52s/batch, MRR=0.1148, R@10=0.2610, R@20=0.3906]Evaluating:  58%|█████▊    | 130/225 [20:36<15:03,  9.51s/batch, MRR=0.1148, R@10=0.2610, R@20=0.3906]Evaluating:  58%|█████▊    | 130/225 [20:45<15:03,  9.51s/batch, MRR=0.1148, R@10=0.2609, R@20=0.3903]Evaluating:  58%|█████▊    | 131/225 [20:45<14:53,  9.51s/batch, MRR=0.1148, R@10=0.2609, R@20=0.3903]Evaluating:  58%|█████▊    | 131/225 [20:55<14:53,  9.51s/batch, MRR=0.1147, R@10=0.2607, R@20=0.3898]Evaluating:  59%|█████▊    | 132/225 [20:55<14:47,  9.55s/batch, MRR=0.1147, R@10=0.2607, R@20=0.3898]Evaluating:  59%|█████▊    | 132/225 [21:04<14:47,  9.55s/batch, MRR=0.1145, R@10=0.2602, R@20=0.3891]Evaluating:  59%|█████▉    | 133/225 [21:04<14:37,  9.54s/batch, MRR=0.1145, R@10=0.2602, R@20=0.3891]Evaluating:  59%|█████▉    | 133/225 [21:14<14:37,  9.54s/batch, MRR=0.1143, R@10=0.2597, R@20=0.3885]Evaluating:  60%|█████▉    | 134/225 [21:14<14:27,  9.53s/batch, MRR=0.1143, R@10=0.2597, R@20=0.3885]Evaluating:  60%|█████▉    | 134/225 [21:23<14:27,  9.53s/batch, MRR=0.1138, R@10=0.2588, R@20=0.3871]Evaluating:  60%|██████    | 135/225 [21:23<14:17,  9.53s/batch, MRR=0.1138, R@10=0.2588, R@20=0.3871]Evaluating:  60%|██████    | 135/225 [21:33<14:17,  9.53s/batch, MRR=0.1138, R@10=0.2587, R@20=0.3867]Evaluating:  60%|██████    | 136/225 [21:33<14:08,  9.53s/batch, MRR=0.1138, R@10=0.2587, R@20=0.3867]Evaluating:  60%|██████    | 136/225 [21:42<14:08,  9.53s/batch, MRR=0.1135, R@10=0.2581, R@20=0.3859]Evaluating:  61%|██████    | 137/225 [21:42<13:58,  9.53s/batch, MRR=0.1135, R@10=0.2581, R@20=0.3859]Evaluating:  61%|██████    | 137/225 [21:52<13:58,  9.53s/batch, MRR=0.1133, R@10=0.2575, R@20=0.3851]Evaluating:  61%|██████▏   | 138/225 [21:52<13:49,  9.53s/batch, MRR=0.1133, R@10=0.2575, R@20=0.3851]Evaluating:  61%|██████▏   | 138/225 [22:01<13:49,  9.53s/batch, MRR=0.1132, R@10=0.2570, R@20=0.3846]Evaluating:  62%|██████▏   | 139/225 [22:01<13:38,  9.52s/batch, MRR=0.1132, R@10=0.2570, R@20=0.3846]Evaluating:  62%|██████▏   | 139/225 [22:11<13:38,  9.52s/batch, MRR=0.1129, R@10=0.2566, R@20=0.3842]Evaluating:  62%|██████▏   | 140/225 [22:11<13:29,  9.52s/batch, MRR=0.1129, R@10=0.2566, R@20=0.3842]Evaluating:  62%|██████▏   | 140/225 [22:20<13:29,  9.52s/batch, MRR=0.1130, R@10=0.2567, R@20=0.3842]Evaluating:  63%|██████▎   | 141/225 [22:20<13:19,  9.52s/batch, MRR=0.1130, R@10=0.2567, R@20=0.3842]Evaluating:  63%|██████▎   | 141/225 [22:30<13:19,  9.52s/batch, MRR=0.1129, R@10=0.2566, R@20=0.3839]Evaluating:  63%|██████▎   | 142/225 [22:30<13:09,  9.52s/batch, MRR=0.1129, R@10=0.2566, R@20=0.3839]Evaluating:  63%|██████▎   | 142/225 [22:39<13:09,  9.52s/batch, MRR=0.1129, R@10=0.2563, R@20=0.3836]Evaluating:  64%|██████▎   | 143/225 [22:39<12:59,  9.51s/batch, MRR=0.1129, R@10=0.2563, R@20=0.3836]Evaluating:  64%|██████▎   | 143/225 [22:49<12:59,  9.51s/batch, MRR=0.1127, R@10=0.2558, R@20=0.3827]Evaluating:  64%|██████▍   | 144/225 [22:49<12:49,  9.51s/batch, MRR=0.1127, R@10=0.2558, R@20=0.3827]Evaluating:  64%|██████▍   | 144/225 [22:58<12:49,  9.51s/batch, MRR=0.1124, R@10=0.2553, R@20=0.3819]Evaluating:  64%|██████▍   | 145/225 [22:58<12:40,  9.51s/batch, MRR=0.1124, R@10=0.2553, R@20=0.3819]Evaluating:  64%|██████▍   | 145/225 [23:08<12:40,  9.51s/batch, MRR=0.1122, R@10=0.2551, R@20=0.3814]Evaluating:  65%|██████▍   | 146/225 [23:08<12:31,  9.51s/batch, MRR=0.1122, R@10=0.2551, R@20=0.3814]Evaluating:  65%|██████▍   | 146/225 [23:17<12:31,  9.51s/batch, MRR=0.1123, R@10=0.2555, R@20=0.3818]Evaluating:  65%|██████▌   | 147/225 [23:17<12:20,  9.50s/batch, MRR=0.1123, R@10=0.2555, R@20=0.3818]Evaluating:  65%|██████▌   | 147/225 [23:27<12:20,  9.50s/batch, MRR=0.1124, R@10=0.2556, R@20=0.3817]Evaluating:  66%|██████▌   | 148/225 [23:27<12:11,  9.50s/batch, MRR=0.1124, R@10=0.2556, R@20=0.3817]Evaluating:  66%|██████▌   | 148/225 [23:36<12:11,  9.50s/batch, MRR=0.1125, R@10=0.2560, R@20=0.3822]Evaluating:  66%|██████▌   | 149/225 [23:36<12:02,  9.51s/batch, MRR=0.1125, R@10=0.2560, R@20=0.3822]Evaluating:  66%|██████▌   | 149/225 [23:46<12:02,  9.51s/batch, MRR=0.1125, R@10=0.2559, R@20=0.3821]Evaluating:  67%|██████▋   | 150/225 [23:46<11:52,  9.50s/batch, MRR=0.1125, R@10=0.2559, R@20=0.3821]Evaluating:  67%|██████▋   | 150/225 [23:55<11:52,  9.50s/batch, MRR=0.1124, R@10=0.2557, R@20=0.3819]Evaluating:  67%|██████▋   | 151/225 [23:55<11:44,  9.52s/batch, MRR=0.1124, R@10=0.2557, R@20=0.3819]Evaluating:  67%|██████▋   | 151/225 [24:05<11:44,  9.52s/batch, MRR=0.1126, R@10=0.2558, R@20=0.3820]Evaluating:  68%|██████▊   | 152/225 [24:05<11:34,  9.52s/batch, MRR=0.1126, R@10=0.2558, R@20=0.3820]Evaluating:  68%|██████▊   | 152/225 [24:14<11:34,  9.52s/batch, MRR=0.1124, R@10=0.2552, R@20=0.3815]Evaluating:  68%|██████▊   | 153/225 [24:14<11:25,  9.51s/batch, MRR=0.1124, R@10=0.2552, R@20=0.3815]Evaluating:  68%|██████▊   | 153/225 [24:24<11:25,  9.51s/batch, MRR=0.1122, R@10=0.2550, R@20=0.3811]Evaluating:  68%|██████▊   | 154/225 [24:24<11:14,  9.50s/batch, MRR=0.1122, R@10=0.2550, R@20=0.3811]Evaluating:  68%|██████▊   | 154/225 [24:33<11:14,  9.50s/batch, MRR=0.1121, R@10=0.2547, R@20=0.3809]Evaluating:  69%|██████▉   | 155/225 [24:33<11:05,  9.51s/batch, MRR=0.1121, R@10=0.2547, R@20=0.3809]Evaluating:  69%|██████▉   | 155/225 [24:43<11:05,  9.51s/batch, MRR=0.1120, R@10=0.2544, R@20=0.3806]Evaluating:  69%|██████▉   | 156/225 [24:43<10:56,  9.51s/batch, MRR=0.1120, R@10=0.2544, R@20=0.3806]Evaluating:  69%|██████▉   | 156/225 [24:53<10:56,  9.51s/batch, MRR=0.1118, R@10=0.2542, R@20=0.3803]Evaluating:  70%|██████▉   | 157/225 [24:53<10:47,  9.53s/batch, MRR=0.1118, R@10=0.2542, R@20=0.3803]Evaluating:  70%|██████▉   | 157/225 [25:02<10:47,  9.53s/batch, MRR=0.1118, R@10=0.2543, R@20=0.3806]Evaluating:  70%|███████   | 158/225 [25:02<10:38,  9.52s/batch, MRR=0.1118, R@10=0.2543, R@20=0.3806]Evaluating:  70%|███████   | 158/225 [25:12<10:38,  9.52s/batch, MRR=0.1119, R@10=0.2544, R@20=0.3807]Evaluating:  71%|███████   | 159/225 [25:12<10:28,  9.53s/batch, MRR=0.1119, R@10=0.2544, R@20=0.3807]Evaluating:  71%|███████   | 159/225 [25:21<10:28,  9.53s/batch, MRR=0.1118, R@10=0.2543, R@20=0.3808]Evaluating:  71%|███████   | 160/225 [25:21<10:19,  9.53s/batch, MRR=0.1118, R@10=0.2543, R@20=0.3808]Evaluating:  71%|███████   | 160/225 [25:31<10:19,  9.53s/batch, MRR=0.1118, R@10=0.2542, R@20=0.3808]Evaluating:  72%|███████▏  | 161/225 [25:31<10:09,  9.52s/batch, MRR=0.1118, R@10=0.2542, R@20=0.3808]Evaluating:  72%|███████▏  | 161/225 [25:40<10:09,  9.52s/batch, MRR=0.1116, R@10=0.2537, R@20=0.3802]Evaluating:  72%|███████▏  | 162/225 [25:40<09:59,  9.52s/batch, MRR=0.1116, R@10=0.2537, R@20=0.3802]Evaluating:  72%|███████▏  | 162/225 [25:50<09:59,  9.52s/batch, MRR=0.1115, R@10=0.2533, R@20=0.3797]Evaluating:  72%|███████▏  | 163/225 [25:50<09:50,  9.52s/batch, MRR=0.1115, R@10=0.2533, R@20=0.3797]Evaluating:  72%|███████▏  | 163/225 [25:59<09:50,  9.52s/batch, MRR=0.1113, R@10=0.2528, R@20=0.3790]Evaluating:  73%|███████▎  | 164/225 [25:59<09:41,  9.53s/batch, MRR=0.1113, R@10=0.2528, R@20=0.3790]Evaluating:  73%|███████▎  | 164/225 [26:09<09:41,  9.53s/batch, MRR=0.1113, R@10=0.2529, R@20=0.3789]Evaluating:  73%|███████▎  | 165/225 [26:09<09:31,  9.52s/batch, MRR=0.1113, R@10=0.2529, R@20=0.3789]Evaluating:  73%|███████▎  | 165/225 [26:18<09:31,  9.52s/batch, MRR=0.1110, R@10=0.2524, R@20=0.3782]Evaluating:  74%|███████▍  | 166/225 [26:18<09:21,  9.52s/batch, MRR=0.1110, R@10=0.2524, R@20=0.3782]Evaluating:  74%|███████▍  | 166/225 [26:28<09:21,  9.52s/batch, MRR=0.1108, R@10=0.2520, R@20=0.3779]Evaluating:  74%|███████▍  | 167/225 [26:28<09:12,  9.52s/batch, MRR=0.1108, R@10=0.2520, R@20=0.3779]Evaluating:  74%|███████▍  | 167/225 [26:37<09:12,  9.52s/batch, MRR=0.1109, R@10=0.2522, R@20=0.3781]Evaluating:  75%|███████▍  | 168/225 [26:37<09:02,  9.52s/batch, MRR=0.1109, R@10=0.2522, R@20=0.3781]Evaluating:  75%|███████▍  | 168/225 [26:47<09:02,  9.52s/batch, MRR=0.1109, R@10=0.2521, R@20=0.3780]Evaluating:  75%|███████▌  | 169/225 [26:47<08:52,  9.52s/batch, MRR=0.1109, R@10=0.2521, R@20=0.3780]Evaluating:  75%|███████▌  | 169/225 [26:56<08:52,  9.52s/batch, MRR=0.1107, R@10=0.2517, R@20=0.3773]Evaluating:  76%|███████▌  | 170/225 [26:56<08:43,  9.52s/batch, MRR=0.1107, R@10=0.2517, R@20=0.3773]Evaluating:  76%|███████▌  | 170/225 [27:06<08:43,  9.52s/batch, MRR=0.1107, R@10=0.2518, R@20=0.3772]Evaluating:  76%|███████▌  | 171/225 [27:06<08:34,  9.53s/batch, MRR=0.1107, R@10=0.2518, R@20=0.3772]Evaluating:  76%|███████▌  | 171/225 [27:15<08:34,  9.53s/batch, MRR=0.1106, R@10=0.2518, R@20=0.3771]Evaluating:  76%|███████▋  | 172/225 [27:15<08:24,  9.52s/batch, MRR=0.1106, R@10=0.2518, R@20=0.3771]Evaluating:  76%|███████▋  | 172/225 [27:25<08:24,  9.52s/batch, MRR=0.1104, R@10=0.2512, R@20=0.3763]Evaluating:  77%|███████▋  | 173/225 [27:25<08:14,  9.52s/batch, MRR=0.1104, R@10=0.2512, R@20=0.3763]Evaluating:  77%|███████▋  | 173/225 [27:34<08:14,  9.52s/batch, MRR=0.1106, R@10=0.2515, R@20=0.3768]Evaluating:  77%|███████▋  | 174/225 [27:34<08:05,  9.51s/batch, MRR=0.1106, R@10=0.2515, R@20=0.3768]Evaluating:  77%|███████▋  | 174/225 [27:44<08:05,  9.51s/batch, MRR=0.1104, R@10=0.2513, R@20=0.3765]Evaluating:  78%|███████▊  | 175/225 [27:44<07:55,  9.51s/batch, MRR=0.1104, R@10=0.2513, R@20=0.3765]Evaluating:  78%|███████▊  | 175/225 [27:54<07:55,  9.51s/batch, MRR=0.1104, R@10=0.2512, R@20=0.3764]Evaluating:  78%|███████▊  | 176/225 [27:54<07:49,  9.58s/batch, MRR=0.1104, R@10=0.2512, R@20=0.3764]Evaluating:  78%|███████▊  | 176/225 [28:03<07:49,  9.58s/batch, MRR=0.1102, R@10=0.2510, R@20=0.3763]Evaluating:  79%|███████▊  | 177/225 [28:03<07:38,  9.56s/batch, MRR=0.1102, R@10=0.2510, R@20=0.3763]Evaluating:  79%|███████▊  | 177/225 [28:13<07:38,  9.56s/batch, MRR=0.1100, R@10=0.2506, R@20=0.3755]Evaluating:  79%|███████▉  | 178/225 [28:13<07:28,  9.55s/batch, MRR=0.1100, R@10=0.2506, R@20=0.3755]Evaluating:  79%|███████▉  | 178/225 [28:22<07:28,  9.55s/batch, MRR=0.1103, R@10=0.2510, R@20=0.3762]Evaluating:  80%|███████▉  | 179/225 [28:22<07:18,  9.54s/batch, MRR=0.1103, R@10=0.2510, R@20=0.3762]Evaluating:  80%|███████▉  | 179/225 [28:32<07:18,  9.54s/batch, MRR=0.1100, R@10=0.2503, R@20=0.3753]Evaluating:  80%|████████  | 180/225 [28:32<07:09,  9.54s/batch, MRR=0.1100, R@10=0.2503, R@20=0.3753]Evaluating:  80%|████████  | 180/225 [28:41<07:09,  9.54s/batch, MRR=0.1097, R@10=0.2496, R@20=0.3744]Evaluating:  80%|████████  | 181/225 [28:41<06:59,  9.53s/batch, MRR=0.1097, R@10=0.2496, R@20=0.3744]Evaluating:  80%|████████  | 181/225 [28:51<06:59,  9.53s/batch, MRR=0.1095, R@10=0.2492, R@20=0.3739]Evaluating:  81%|████████  | 182/225 [28:51<06:50,  9.55s/batch, MRR=0.1095, R@10=0.2492, R@20=0.3739]Evaluating:  81%|████████  | 182/225 [29:00<06:50,  9.55s/batch, MRR=0.1093, R@10=0.2486, R@20=0.3732]Evaluating:  81%|████████▏ | 183/225 [29:00<06:41,  9.56s/batch, MRR=0.1093, R@10=0.2486, R@20=0.3732]Evaluating:  81%|████████▏ | 183/225 [29:10<06:41,  9.56s/batch, MRR=0.1091, R@10=0.2484, R@20=0.3732]Evaluating:  82%|████████▏ | 184/225 [29:10<06:31,  9.55s/batch, MRR=0.1091, R@10=0.2484, R@20=0.3732]Evaluating:  82%|████████▏ | 184/225 [29:19<06:31,  9.55s/batch, MRR=0.1090, R@10=0.2482, R@20=0.3729]Evaluating:  82%|████████▏ | 185/225 [29:19<06:21,  9.54s/batch, MRR=0.1090, R@10=0.2482, R@20=0.3729]Evaluating:  82%|████████▏ | 185/225 [29:29<06:21,  9.54s/batch, MRR=0.1089, R@10=0.2479, R@20=0.3725]Evaluating:  83%|████████▎ | 186/225 [29:29<06:12,  9.56s/batch, MRR=0.1089, R@10=0.2479, R@20=0.3725]Evaluating:  83%|████████▎ | 186/225 [29:39<06:12,  9.56s/batch, MRR=0.1087, R@10=0.2475, R@20=0.3720]Evaluating:  83%|████████▎ | 187/225 [29:39<06:02,  9.54s/batch, MRR=0.1087, R@10=0.2475, R@20=0.3720]Evaluating:  83%|████████▎ | 187/225 [29:48<06:02,  9.54s/batch, MRR=0.1086, R@10=0.2473, R@20=0.3718]Evaluating:  84%|████████▎ | 188/225 [29:48<05:52,  9.54s/batch, MRR=0.1086, R@10=0.2473, R@20=0.3718]Evaluating:  84%|████████▎ | 188/225 [29:58<05:52,  9.54s/batch, MRR=0.1085, R@10=0.2472, R@20=0.3715]Evaluating:  84%|████████▍ | 189/225 [29:58<05:43,  9.54s/batch, MRR=0.1085, R@10=0.2472, R@20=0.3715]Evaluating:  84%|████████▍ | 189/225 [30:07<05:43,  9.54s/batch, MRR=0.1084, R@10=0.2469, R@20=0.3711]Evaluating:  84%|████████▍ | 190/225 [30:07<05:33,  9.54s/batch, MRR=0.1084, R@10=0.2469, R@20=0.3711]Evaluating:  84%|████████▍ | 190/225 [30:17<05:33,  9.54s/batch, MRR=0.1082, R@10=0.2462, R@20=0.3704]Evaluating:  85%|████████▍ | 191/225 [30:17<05:23,  9.52s/batch, MRR=0.1082, R@10=0.2462, R@20=0.3704]Evaluating:  85%|████████▍ | 191/225 [30:26<05:23,  9.52s/batch, MRR=0.1079, R@10=0.2457, R@20=0.3694]Evaluating:  85%|████████▌ | 192/225 [30:26<05:14,  9.52s/batch, MRR=0.1079, R@10=0.2457, R@20=0.3694]Evaluating:  85%|████████▌ | 192/225 [30:36<05:14,  9.52s/batch, MRR=0.1079, R@10=0.2455, R@20=0.3692]Evaluating:  86%|████████▌ | 193/225 [30:36<05:04,  9.51s/batch, MRR=0.1079, R@10=0.2455, R@20=0.3692]Evaluating:  86%|████████▌ | 193/225 [30:45<05:04,  9.51s/batch, MRR=0.1075, R@10=0.2447, R@20=0.3681]Evaluating:  86%|████████▌ | 194/225 [30:45<04:54,  9.51s/batch, MRR=0.1075, R@10=0.2447, R@20=0.3681]Evaluating:  86%|████████▌ | 194/225 [30:55<04:54,  9.51s/batch, MRR=0.1075, R@10=0.2447, R@20=0.3681]Evaluating:  87%|████████▋ | 195/225 [30:55<04:47,  9.57s/batch, MRR=0.1075, R@10=0.2447, R@20=0.3681]Evaluating:  87%|████████▋ | 195/225 [31:04<04:47,  9.57s/batch, MRR=0.1073, R@10=0.2444, R@20=0.3677]Evaluating:  87%|████████▋ | 196/225 [31:04<04:37,  9.56s/batch, MRR=0.1073, R@10=0.2444, R@20=0.3677]Evaluating:  87%|████████▋ | 196/225 [31:14<04:37,  9.56s/batch, MRR=0.1071, R@10=0.2437, R@20=0.3668]Evaluating:  88%|████████▊ | 197/225 [31:14<04:27,  9.55s/batch, MRR=0.1071, R@10=0.2437, R@20=0.3668]Evaluating:  88%|████████▊ | 197/225 [31:24<04:27,  9.55s/batch, MRR=0.1068, R@10=0.2432, R@20=0.3663]Evaluating:  88%|████████▊ | 198/225 [31:24<04:17,  9.55s/batch, MRR=0.1068, R@10=0.2432, R@20=0.3663]Evaluating:  88%|████████▊ | 198/225 [31:33<04:17,  9.55s/batch, MRR=0.1066, R@10=0.2427, R@20=0.3658]Evaluating:  88%|████████▊ | 199/225 [31:33<04:08,  9.54s/batch, MRR=0.1066, R@10=0.2427, R@20=0.3658]Evaluating:  88%|████████▊ | 199/225 [31:43<04:08,  9.54s/batch, MRR=0.1065, R@10=0.2422, R@20=0.3651]Evaluating:  89%|████████▉ | 200/225 [31:43<03:58,  9.54s/batch, MRR=0.1065, R@10=0.2422, R@20=0.3651]Evaluating:  89%|████████▉ | 200/225 [31:52<03:58,  9.54s/batch, MRR=0.1063, R@10=0.2420, R@20=0.3647]Evaluating:  89%|████████▉ | 201/225 [31:52<03:49,  9.54s/batch, MRR=0.1063, R@10=0.2420, R@20=0.3647]Evaluating:  89%|████████▉ | 201/225 [32:02<03:49,  9.54s/batch, MRR=0.1061, R@10=0.2414, R@20=0.3639]Evaluating:  90%|████████▉ | 202/225 [32:02<03:39,  9.54s/batch, MRR=0.1061, R@10=0.2414, R@20=0.3639]Evaluating:  90%|████████▉ | 202/225 [32:11<03:39,  9.54s/batch, MRR=0.1061, R@10=0.2412, R@20=0.3634]Evaluating:  90%|█████████ | 203/225 [32:11<03:29,  9.54s/batch, MRR=0.1061, R@10=0.2412, R@20=0.3634]Evaluating:  90%|█████████ | 203/225 [32:21<03:29,  9.54s/batch, MRR=0.1059, R@10=0.2407, R@20=0.3627]Evaluating:  91%|█████████ | 204/225 [32:21<03:20,  9.54s/batch, MRR=0.1059, R@10=0.2407, R@20=0.3627]Evaluating:  91%|█████████ | 204/225 [32:30<03:20,  9.54s/batch, MRR=0.1057, R@10=0.2401, R@20=0.3620]Evaluating:  91%|█████████ | 205/225 [32:30<03:10,  9.53s/batch, MRR=0.1057, R@10=0.2401, R@20=0.3620]Evaluating:  91%|█████████ | 205/225 [32:40<03:10,  9.53s/batch, MRR=0.1056, R@10=0.2398, R@20=0.3620]Evaluating:  92%|█████████▏| 206/225 [32:40<03:01,  9.53s/batch, MRR=0.1056, R@10=0.2398, R@20=0.3620]Evaluating:  92%|█████████▏| 206/225 [32:49<03:01,  9.53s/batch, MRR=0.1055, R@10=0.2397, R@20=0.3616]Evaluating:  92%|█████████▏| 207/225 [32:49<02:51,  9.54s/batch, MRR=0.1055, R@10=0.2397, R@20=0.3616]Evaluating:  92%|█████████▏| 207/225 [32:59<02:51,  9.54s/batch, MRR=0.1052, R@10=0.2391, R@20=0.3608]Evaluating:  92%|█████████▏| 208/225 [32:59<02:42,  9.53s/batch, MRR=0.1052, R@10=0.2391, R@20=0.3608]Evaluating:  92%|█████████▏| 208/225 [33:08<02:42,  9.53s/batch, MRR=0.1052, R@10=0.2387, R@20=0.3605]Evaluating:  93%|█████████▎| 209/225 [33:08<02:32,  9.53s/batch, MRR=0.1052, R@10=0.2387, R@20=0.3605]Evaluating:  93%|█████████▎| 209/225 [33:18<02:32,  9.53s/batch, MRR=0.1051, R@10=0.2387, R@20=0.3606]Evaluating:  93%|█████████▎| 210/225 [33:18<02:22,  9.52s/batch, MRR=0.1051, R@10=0.2387, R@20=0.3606]Evaluating:  93%|█████████▎| 210/225 [33:27<02:22,  9.52s/batch, MRR=0.1050, R@10=0.2384, R@20=0.3602]Evaluating:  94%|█████████▍| 211/225 [33:27<02:13,  9.52s/batch, MRR=0.1050, R@10=0.2384, R@20=0.3602]Evaluating:  94%|█████████▍| 211/225 [33:37<02:13,  9.52s/batch, MRR=0.1050, R@10=0.2386, R@20=0.3604]Evaluating:  94%|█████████▍| 212/225 [33:37<02:04,  9.54s/batch, MRR=0.1050, R@10=0.2386, R@20=0.3604]Evaluating:  94%|█████████▍| 212/225 [33:47<02:04,  9.54s/batch, MRR=0.1050, R@10=0.2386, R@20=0.3601]Evaluating:  95%|█████████▍| 213/225 [33:47<01:54,  9.54s/batch, MRR=0.1050, R@10=0.2386, R@20=0.3601]Evaluating:  95%|█████████▍| 213/225 [33:56<01:54,  9.54s/batch, MRR=0.1048, R@10=0.2382, R@20=0.3597]Evaluating:  95%|█████████▌| 214/225 [33:56<01:44,  9.54s/batch, MRR=0.1048, R@10=0.2382, R@20=0.3597]Evaluating:  95%|█████████▌| 214/225 [34:06<01:44,  9.54s/batch, MRR=0.1047, R@10=0.2380, R@20=0.3594]Evaluating:  96%|█████████▌| 215/225 [34:06<01:35,  9.53s/batch, MRR=0.1047, R@10=0.2380, R@20=0.3594]Evaluating:  96%|█████████▌| 215/225 [34:15<01:35,  9.53s/batch, MRR=0.1047, R@10=0.2381, R@20=0.3593]Evaluating:  96%|█████████▌| 216/225 [34:15<01:25,  9.53s/batch, MRR=0.1047, R@10=0.2381, R@20=0.3593]Evaluating:  96%|█████████▌| 216/225 [34:25<01:25,  9.53s/batch, MRR=0.1045, R@10=0.2378, R@20=0.3588]Evaluating:  96%|█████████▋| 217/225 [34:25<01:16,  9.60s/batch, MRR=0.1045, R@10=0.2378, R@20=0.3588]Evaluating:  96%|█████████▋| 217/225 [34:34<01:16,  9.60s/batch, MRR=0.1044, R@10=0.2374, R@20=0.3582]Evaluating:  97%|█████████▋| 218/225 [34:34<01:07,  9.57s/batch, MRR=0.1044, R@10=0.2374, R@20=0.3582]Evaluating:  97%|█████████▋| 218/225 [34:44<01:07,  9.57s/batch, MRR=0.1045, R@10=0.2375, R@20=0.3584]Evaluating:  97%|█████████▋| 219/225 [34:44<00:57,  9.56s/batch, MRR=0.1045, R@10=0.2375, R@20=0.3584]Evaluating:  97%|█████████▋| 219/225 [34:53<00:57,  9.56s/batch, MRR=0.1044, R@10=0.2374, R@20=0.3582]Evaluating:  98%|█████████▊| 220/225 [34:53<00:47,  9.57s/batch, MRR=0.1044, R@10=0.2374, R@20=0.3582]Evaluating:  98%|█████████▊| 220/225 [35:03<00:47,  9.57s/batch, MRR=0.1044, R@10=0.2373, R@20=0.3579]Evaluating:  98%|█████████▊| 221/225 [35:03<00:38,  9.56s/batch, MRR=0.1044, R@10=0.2373, R@20=0.3579]Evaluating:  98%|█████████▊| 221/225 [35:13<00:38,  9.56s/batch, MRR=0.1043, R@10=0.2370, R@20=0.3577]Evaluating:  99%|█████████▊| 222/225 [35:13<00:28,  9.56s/batch, MRR=0.1043, R@10=0.2370, R@20=0.3577]Evaluating:  99%|█████████▊| 222/225 [35:22<00:28,  9.56s/batch, MRR=0.1043, R@10=0.2371, R@20=0.3581]Evaluating:  99%|█████████▉| 223/225 [35:22<00:19,  9.55s/batch, MRR=0.1043, R@10=0.2371, R@20=0.3581]Evaluating:  99%|█████████▉| 223/225 [35:32<00:19,  9.55s/batch, MRR=0.1043, R@10=0.2370, R@20=0.3578]Evaluating: 100%|█████████▉| 224/225 [35:32<00:09,  9.54s/batch, MRR=0.1043, R@10=0.2370, R@20=0.3578]Evaluating: 100%|█████████▉| 224/225 [35:38<00:09,  9.54s/batch, MRR=0.1041, R@10=0.2367, R@20=0.3574]Evaluating: 100%|██████████| 225/225 [35:38<00:00,  8.74s/batch, MRR=0.1041, R@10=0.2367, R@20=0.3574]Evaluating: 100%|██████████| 225/225 [35:39<00:00,  9.51s/batch, MRR=0.1041, R@10=0.2367, R@20=0.3574]
INFO:root:Test statistics: MRR: 0.1041, Recall@10: 0.2367, Recall@20: 0.3574
INFO:root:TGN model training completed
INFO:root:Results saved to results/tgn-attn.pkl
